Archive member included to satisfy reference by file (symbol)

/Applications/STM32CubeIDE.app/Contents/Eclipse/plugins/com.st.stm32cube.ide.mcu.externaltools.gnu-tools-for-stm32.13.3.rel1.macos64_1.0.0.202411102158/tools/bin/../lib/gcc/arm-none-eabi/13.3.1/../../../../arm-none-eabi/lib/thumb/v7-m/nofp/libc_nano.a(libc_a-exit.o)
                              /Applications/STM32CubeIDE.app/Contents/Eclipse/plugins/com.st.stm32cube.ide.mcu.externaltools.gnu-tools-for-stm32.13.3.rel1.macos64_1.0.0.202411102158/tools/bin/../lib/gcc/arm-none-eabi/13.3.1/../../../../arm-none-eabi/lib/thumb/v7-m/nofp/crt0.o (exit)
/Applications/STM32CubeIDE.app/Contents/Eclipse/plugins/com.st.stm32cube.ide.mcu.externaltools.gnu-tools-for-stm32.13.3.rel1.macos64_1.0.0.202411102158/tools/bin/../lib/gcc/arm-none-eabi/13.3.1/../../../../arm-none-eabi/lib/thumb/v7-m/nofp/libc_nano.a(libc_a-findfp.o)
                              /Applications/STM32CubeIDE.app/Contents/Eclipse/plugins/com.st.stm32cube.ide.mcu.externaltools.gnu-tools-for-stm32.13.3.rel1.macos64_1.0.0.202411102158/tools/bin/../lib/gcc/arm-none-eabi/13.3.1/../../../../arm-none-eabi/lib/thumb/v7-m/nofp/libc_nano.a(libc_a-exit.o) (__stdio_exit_handler)
/Applications/STM32CubeIDE.app/Contents/Eclipse/plugins/com.st.stm32cube.ide.mcu.externaltools.gnu-tools-for-stm32.13.3.rel1.macos64_1.0.0.202411102158/tools/bin/../lib/gcc/arm-none-eabi/13.3.1/../../../../arm-none-eabi/lib/thumb/v7-m/nofp/libc_nano.a(libc_a-fwalk.o)
                              /Applications/STM32CubeIDE.app/Contents/Eclipse/plugins/com.st.stm32cube.ide.mcu.externaltools.gnu-tools-for-stm32.13.3.rel1.macos64_1.0.0.202411102158/tools/bin/../lib/gcc/arm-none-eabi/13.3.1/../../../../arm-none-eabi/lib/thumb/v7-m/nofp/libc_nano.a(libc_a-findfp.o) (_fwalk_sglue)
/Applications/STM32CubeIDE.app/Contents/Eclipse/plugins/com.st.stm32cube.ide.mcu.externaltools.gnu-tools-for-stm32.13.3.rel1.macos64_1.0.0.202411102158/tools/bin/../lib/gcc/arm-none-eabi/13.3.1/../../../../arm-none-eabi/lib/thumb/v7-m/nofp/libc_nano.a(libc_a-memset.o)
                              /Applications/STM32CubeIDE.app/Contents/Eclipse/plugins/com.st.stm32cube.ide.mcu.externaltools.gnu-tools-for-stm32.13.3.rel1.macos64_1.0.0.202411102158/tools/bin/../lib/gcc/arm-none-eabi/13.3.1/../../../../arm-none-eabi/lib/thumb/v7-m/nofp/crt0.o (memset)
/Applications/STM32CubeIDE.app/Contents/Eclipse/plugins/com.st.stm32cube.ide.mcu.externaltools.gnu-tools-for-stm32.13.3.rel1.macos64_1.0.0.202411102158/tools/bin/../lib/gcc/arm-none-eabi/13.3.1/../../../../arm-none-eabi/lib/thumb/v7-m/nofp/libc_nano.a(libc_a-errno.o)
                              ./Core/Src/syscalls.o (__errno)
/Applications/STM32CubeIDE.app/Contents/Eclipse/plugins/com.st.stm32cube.ide.mcu.externaltools.gnu-tools-for-stm32.13.3.rel1.macos64_1.0.0.202411102158/tools/bin/../lib/gcc/arm-none-eabi/13.3.1/../../../../arm-none-eabi/lib/thumb/v7-m/nofp/libc_nano.a(libc_a-init.o)
                              /Applications/STM32CubeIDE.app/Contents/Eclipse/plugins/com.st.stm32cube.ide.mcu.externaltools.gnu-tools-for-stm32.13.3.rel1.macos64_1.0.0.202411102158/tools/bin/../lib/gcc/arm-none-eabi/13.3.1/../../../../arm-none-eabi/lib/thumb/v7-m/nofp/crt0.o (__libc_init_array)
/Applications/STM32CubeIDE.app/Contents/Eclipse/plugins/com.st.stm32cube.ide.mcu.externaltools.gnu-tools-for-stm32.13.3.rel1.macos64_1.0.0.202411102158/tools/bin/../lib/gcc/arm-none-eabi/13.3.1/../../../../arm-none-eabi/lib/thumb/v7-m/nofp/libc_nano.a(libc_a-lock.o)
                              /Applications/STM32CubeIDE.app/Contents/Eclipse/plugins/com.st.stm32cube.ide.mcu.externaltools.gnu-tools-for-stm32.13.3.rel1.macos64_1.0.0.202411102158/tools/bin/../lib/gcc/arm-none-eabi/13.3.1/../../../../arm-none-eabi/lib/thumb/v7-m/nofp/libc_nano.a(libc_a-findfp.o) (__retarget_lock_init_recursive)
/Applications/STM32CubeIDE.app/Contents/Eclipse/plugins/com.st.stm32cube.ide.mcu.externaltools.gnu-tools-for-stm32.13.3.rel1.macos64_1.0.0.202411102158/tools/bin/../lib/gcc/arm-none-eabi/13.3.1/../../../../arm-none-eabi/lib/thumb/v7-m/nofp/libc_nano.a(libc_a-impure.o)
                              /Applications/STM32CubeIDE.app/Contents/Eclipse/plugins/com.st.stm32cube.ide.mcu.externaltools.gnu-tools-for-stm32.13.3.rel1.macos64_1.0.0.202411102158/tools/bin/../lib/gcc/arm-none-eabi/13.3.1/../../../../arm-none-eabi/lib/thumb/v7-m/nofp/libc_nano.a(libc_a-errno.o) (_impure_ptr)
/Applications/STM32CubeIDE.app/Contents/Eclipse/plugins/com.st.stm32cube.ide.mcu.externaltools.gnu-tools-for-stm32.13.3.rel1.macos64_1.0.0.202411102158/tools/bin/../lib/gcc/arm-none-eabi/13.3.1/../../../../arm-none-eabi/lib/thumb/v7-m/nofp/libc_nano.a(libc_a-mallocr.o)
                              /Applications/STM32CubeIDE.app/Contents/Eclipse/plugins/com.st.stm32cube.ide.mcu.externaltools.gnu-tools-for-stm32.13.3.rel1.macos64_1.0.0.202411102158/tools/bin/../lib/gcc/arm-none-eabi/13.3.1/../../../../arm-none-eabi/lib/thumb/v7-m/nofp/libc_nano.a(libc_a-findfp.o) (_malloc_r)
[...]
Memory Configuration

Name             Origin             Length             Attributes
RAM              0x20000000         0x00005000         xrw
FLASH            0x08000000         0x00010000         xr
*default*        0x00000000         0xffffffff

Linker script and memory map

LOAD /Applications/STM32CubeIDE.app/Contents/Eclipse/plugins/com.st.stm32cube.ide.mcu.externaltools.gnu-tools-for-stm32.13.3.rel1.macos64_1.0.0.202411102158/tools/bin/../lib/gcc/arm-none-eabi/13.3.1/thumb/v7-m/nofp/crti.o
LOAD /Applications/STM32CubeIDE.app/Contents/Eclipse/plugins/com.st.stm32cube.ide.mcu.externaltools.gnu-tools-for-stm32.13.3.rel1.macos64_1.0.0.202411102158/tools/bin/../lib/gcc/arm-none-eabi/13.3.1/thumb/v7-m/nofp/crtbegin.o
LOAD /Applications/STM32CubeIDE.app/Contents/Eclipse/plugins/com.st.stm32cube.ide.mcu.externaltools.gnu-tools-for-stm32.13.3.rel1.macos64_1.0.0.202411102158/tools/bin/../lib/gcc/arm-none-eabi/13.3.1/../../../../arm-none-eabi/lib/thumb/v7-m/nofp/crt0.o
LOAD ./Core/Src/frames.o
LOAD ./Core/Src/led_array.o
LOAD ./Core/Src/main.o
LOAD ./Core/Src/stm32f1xx_hal_msp.o
LOAD ./Core/Src/stm32f1xx_it.o
LOAD ./Core/Src/syscalls.o
LOAD ./Core/Src/sysmem.o
LOAD ./Core/Src/system_stm32f1xx.o
LOAD ./Core/Startup/startup_stm32f103c8tx.o
LOAD ./Drivers/STM32F1xx_HAL_Driver/Src/stm32f1xx_hal.o
LOAD ./Drivers/STM32F1xx_HAL_Driver/Src/stm32f1xx_hal_cortex.o
LOAD ./Drivers/STM32F1xx_HAL_Driver/Src/stm32f1xx_hal_dma.o
LOAD ./Drivers/STM32F1xx_HAL_Driver/Src/stm32f1xx_hal_exti.o
LOAD ./Drivers/STM32F1xx_HAL_Driver/Src/stm32f1xx_hal_flash.o
LOAD ./Drivers/STM32F1xx_HAL_Driver/Src/stm32f1xx_hal_flash_ex.o
LOAD ./Drivers/STM32F1xx_HAL_Driver/Src/stm32f1xx_hal_gpio.o
LOAD ./Drivers/STM32F1xx_HAL_Driver/Src/stm32f1xx_hal_gpio_ex.o
LOAD ./Drivers/STM32F1xx_HAL_Driver/Src/stm32f1xx_hal_pcd.o
LOAD ./Drivers/STM32F1xx_HAL_Driver/Src/stm32f1xx_hal_pcd_ex.o
LOAD ./Drivers/STM32F1xx_HAL_Driver/Src/stm32f1xx_hal_pwr.o
LOAD ./Drivers/STM32F1xx_HAL_Driver/Src/stm32f1xx_hal_rcc.o
LOAD ./Drivers/STM32F1xx_HAL_Driver/Src/stm32f1xx_hal_rcc_ex.o
LOAD ./Drivers/STM32F1xx_HAL_Driver/Src/stm32f1xx_ll_usb.o
START GROUP
LOAD /Applications/STM32CubeIDE.app/Contents/Eclipse/plugins/com.st.stm32cube.ide.mcu.externaltools.gnu-tools-for-stm32.13.3.rel1.macos64_1.0.0.202411102158/tools/bin/../lib/gcc/arm-none-eabi/13.3.1/../../../../arm-none-eabi/lib/thumb/v7-m/nofp/libc_nano.a
LOAD /Applications/STM32CubeIDE.app/Contents/Eclipse/plugins/com.st.stm32cube.ide.mcu.externaltools.gnu-tools-for-stm32.13.3.rel1.macos64_1.0.0.202411102158/tools/bin/../lib/gcc/arm-none-eabi/13.3.1/../../../../arm-none-eabi/lib/thumb/v7-m/nofp/libm.a
END GROUP
START GROUP
LOAD /Applications/STM32CubeIDE.app/Contents/Eclipse/plugins/com.st.stm32cube.ide.mcu.externaltools.gnu-tools-for-stm32.13.3.rel1.macos64_1.0.0.202411102158/tools/bin/../lib/gcc/arm-none-eabi/13.3.1/thumb/v7-m/nofp/libgcc.a
LOAD /Applications/STM32CubeIDE.app/Contents/Eclipse/plugins/com.st.stm32cube.ide.mcu.externaltools.gnu-tools-for-stm32.13.3.rel1.macos64_1.0.0.202411102158/tools/bin/../lib/gcc/arm-none-eabi/13.3.1/../../../../arm-none-eabi/lib/thumb/v7-m/nofp/libc_nano.a
END GROUP
START GROUP
LOAD /Applications/STM32CubeIDE.app/Contents/Eclipse/plugins/com.st.stm32cube.ide.mcu.externaltools.gnu-tools-for-stm32.13.3.rel1.macos64_1.0.0.202411102158/tools/bin/../lib/gcc/arm-none-eabi/13.3.1/thumb/v7-m/nofp/libgcc.a
LOAD /Applications/STM32CubeIDE.app/Contents/Eclipse/plugins/com.st.stm32cube.ide.mcu.externaltools.gnu-tools-for-stm32.13.3.rel1.macos64_1.0.0.202411102158/tools/bin/../lib/gcc/arm-none-eabi/13.3.1/../../../../arm-none-eabi/lib/thumb/v7-m/nofp/libc_nano.a
LOAD /Applications/STM32CubeIDE.app/Contents/Eclipse/plugins/com.st.stm32cube.ide.mcu.externaltools.gnu-tools-for-stm32.13.3.rel1.macos64_1.0.0.202411102158/tools/bin/../lib/gcc/arm-none-eabi/13.3.1/../../../../arm-none-eabi/lib/thumb/v7-m/nofp/libnosys.a
END GROUP
START GROUP
LOAD /Applications/STM32CubeIDE.app/Contents/Eclipse/plugins/com.st.stm32cube.ide.mcu.externaltools.gnu-tools-for-stm32.13.3.rel1.macos64_1.0.0.202411102158/tools/bin/../lib/gcc/arm-none-eabi/13.3.1/thumb/v7-m/nofp/libgcc.a
LOAD /Applications/STM32CubeIDE.app/Contents/Eclipse/plugins/com.st.stm32cube.ide.mcu.externaltools.gnu-tools-for-stm32.13.3.rel1.macos64_1.0.0.202411102158/tools/bin/../lib/gcc/arm-none-eabi/13.3.1/../../../../arm-none-eabi/lib/thumb/v7-m/nofp/libc_nano.a
LOAD /Applications/STM32CubeIDE.app/Contents/Eclipse/plugins/com.st.stm32cube.ide.mcu.externaltools.gnu-tools-for-stm32.13.3.rel1.macos64_1.0.0.202411102158/tools/bin/../lib/gcc/arm-none-eabi/13.3.1/../../../../arm-none-eabi/lib/thumb/v7-m/nofp/libnosys.a
END GROUP
LOAD /Applications/STM32CubeIDE.app/Contents/Eclipse/plugins/com.st.stm32cube.ide.mcu.externaltools.gnu-tools-for-stm32.13.3.rel1.macos64_1.0.0.202411102158/tools/bin/../lib/gcc/arm-none-eabi/13.3.1/thumb/v7-m/nofp/crtend.o
LOAD /Applications/STM32CubeIDE.app/Contents/Eclipse/plugins/com.st.stm32cube.ide.mcu.externaltools.gnu-tools-for-stm32.13.3.rel1.macos64_1.0.0.202411102158/tools/bin/../lib/gcc/arm-none-eabi/13.3.1/thumb/v7-m/nofp/crtn.o
                0x20005000                        _estack = (ORIGIN (RAM) + LENGTH (RAM))
                0x00000200                        _Min_Heap_Size = 0x200
                0x00000400                        _Min_Stack_Size = 0x400

.isr_vector     0x08000000      0x10c
                0x08000000                        . = ALIGN (0x4)
 *(.isr_vector)
 .isr_vector    0x08000000      0x10c ./Core/Startup/startup_stm32f103c8tx.o
                0x08000000                g_pfnVectors
                0x0800010c                        . = ALIGN (0x4)

.text           0x0800010c     0x1f48
                0x0800010c                        . = ALIGN (0x4)
 *(.text)
 .text          0x0800010c       0x40 /Applications/STM32CubeIDE.app/Contents/Eclipse/plugins/com.st.stm32cube.ide.mcu.externaltools.gnu-tools-for-stm32.13.3.rel1.macos64_1.0.0.202411102158/tools/bin/../lib/gcc/arm-none-eabi/13.3.1/thumb/v7-m/nofp/crtbegin.o
 *(.text*)
 .text.clearFrame
                0x0800014c       0x1c ./Core/Src/frames.o
 .text.borderIndexToCoord
                0x08000168       0xbe ./Core/Src/frames.o
 *fill*         0x08000226        0x2 
 .text.animateCornersAroundEdges
                0x08000228       0xb0 ./Core/Src/frames.o
                0x08000228                animateCornersAroundEdges
 .text.hb_rand16
                0x080002d8       0x5c ./Core/Src/frames.o
 .text.drawSprite
                0x08000334       0x90 ./Core/Src/frames.o
 .text.animateSpriteBubbles
                0x080003c4      0x1b0 ./Core/Src/frames.o
                0x080003c4                animateSpriteBubbles
 .text.fw_rand16
                0x08000574       0x5c ./Core/Src/frames.o
 .text.fw_busyDelay
                0x080005d0       0x28 ./Core/Src/frames.o
 .text.fw_drawExplosion
                0x080005f8       0xbc ./Core/Src/frames.o
 .text.animateSingleFirework
                0x080006b4      0x160 ./Core/Src/frames.o
                0x080006b4                animateSingleFirework
 .text.animateFireworks
                0x08000814       0x3c ./Core/Src/frames.o
                0x08000814                animateFireworks
 .text.ShiftReg_Write32
                0x08000850       0x84 ./Core/Src/led_array.o
                0x08000850                ShiftReg_Write32
 .text.disableAllRows
                0x080008d4       0x18 ./Core/Src/led_array.o
                0x080008d4                disableAllRows
 .text.enableRow
                0x080008ec       0x38 ./Core/Src/led_array.o
                0x080008ec                enableRow
 .text.writeFrame
                0x08000924       0xe0 ./Core/Src/led_array.o
                0x08000924                writeFrame
 .text.repeatFrame_20
                0x08000a04       0x18 ./Core/Src/led_array.o
                0x08000a04                repeatFrame_20
 .text.repeatFrame
                0x08000a1c       0x34 ./Core/Src/led_array.o
                0x08000a1c                repeatFrame
 .text.main     0x08000a50       0xa8 ./Core/Src/main.o
                0x08000a50                main
 .text.SystemClock_Config
                0x08000af8       0xb6 ./Core/Src/main.o
                0x08000af8                SystemClock_Config
 *fill*         0x08000bae        0x2 
 .text.MX_USB_PCD_Init
                0x08000bb0       0x44 ./Core/Src/main.o
 .text.MX_GPIO_Init
                0x08000bf4       0xbc ./Core/Src/main.o
 .text.Error_Handler
                0x08000cb0        0xc ./Core/Src/main.o
                0x08000cb0                Error_Handler
 .text.HAL_MspInit
                0x08000cbc       0x64 ./Core/Src/stm32f1xx_hal_msp.o
                0x08000cbc                HAL_MspInit
 .text.HAL_PCD_MspInit
                0x08000d20       0x3c ./Core/Src/stm32f1xx_hal_msp.o
                0x08000d20                HAL_PCD_MspInit
 .text.NMI_Handler
                0x08000d5c        0x8 ./Core/Src/stm32f1xx_it.o
                0x08000d5c                NMI_Handler
 .text.HardFault_Handler
                0x08000d64        0x8 ./Core/Src/stm32f1xx_it.o
                0x08000d64                HardFault_Handler
 .text.MemManage_Handler
                0x08000d6c        0x8 ./Core/Src/stm32f1xx_it.o
                0x08000d6c                MemManage_Handler
 .text.BusFault_Handler
                0x08000d74        0x8 ./Core/Src/stm32f1xx_it.o
                0x08000d74                BusFault_Handler
 .text.UsageFault_Handler
                0x08000d7c        0x8 ./Core/Src/stm32f1xx_it.o
                0x08000d7c                UsageFault_Handler
 .text.SVC_Handler
                0x08000d84        0xc ./Core/Src/stm32f1xx_it.o
                0x08000d84                SVC_Handler
 .text.DebugMon_Handler
                0x08000d90        0xc ./Core/Src/stm32f1xx_it.o
                0x08000d90                DebugMon_Handler
 .text.PendSV_Handler
                0x08000d9c        0xc ./Core/Src/stm32f1xx_it.o
                0x08000d9c                PendSV_Handler
 .text.SysTick_Handler
                0x08000da8        0xc ./Core/Src/stm32f1xx_it.o
                0x08000da8                SysTick_Handler
 .text.SystemInit
                0x08000db4        0xc ./Core/Src/system_stm32f1xx.o
                0x08000db4                SystemInit
 .text.Reset_Handler
                0x08000dc0       0x48 ./Core/Startup/startup_stm32f103c8tx.o
                0x08000dc0                Reset_Handler
 .text.Default_Handler
                0x08000e08        0x2 ./Core/Startup/startup_stm32f103c8tx.o
                0x08000e08                USBWakeUp_IRQHandler
                0x08000e08                EXTI2_IRQHandler
                0x08000e08                TIM1_CC_IRQHandler
                0x08000e08                PVD_IRQHandler
                0x08000e08                EXTI3_IRQHandler
                0x08000e08                EXTI0_IRQHandler
                0x08000e08                I2C2_EV_IRQHandler
                0x08000e08                ADC1_2_IRQHandler
                0x08000e08                SPI1_IRQHandler
                0x08000e08                TAMPER_IRQHandler
                0x08000e08                DMA1_Channel4_IRQHandler
                0x08000e08                USART3_IRQHandler
                0x08000e08                RTC_IRQHandler
                0x08000e08                DMA1_Channel7_IRQHandler
                0x08000e08                CAN1_RX1_IRQHandler
                0x08000e08                TIM4_IRQHandler
                0x08000e08                I2C1_EV_IRQHandler
                0x08000e08                DMA1_Channel6_IRQHandler
                0x08000e08                TIM3_IRQHandler
                0x08000e08                RCC_IRQHandler
                0x08000e08                TIM1_TRG_COM_IRQHandler
                0x08000e08                DMA1_Channel1_IRQHandler
                0x08000e08                Default_Handler
                0x08000e08                EXTI15_10_IRQHandler
                0x08000e08                EXTI9_5_IRQHandler
                0x08000e08                SPI2_IRQHandler
                0x08000e08                DMA1_Channel5_IRQHandler
                0x08000e08                EXTI4_IRQHandler
                0x08000e08                USB_LP_CAN1_RX0_IRQHandler
                0x08000e08                USB_HP_CAN1_TX_IRQHandler
                0x08000e08                DMA1_Channel3_IRQHandler
                0x08000e08                TIM1_UP_IRQHandler
                0x08000e08                WWDG_IRQHandler
                0x08000e08                TIM2_IRQHandler
                0x08000e08                TIM1_BRK_IRQHandler
                0x08000e08                EXTI1_IRQHandler
                0x08000e08                USART2_IRQHandler
                0x08000e08                I2C2_ER_IRQHandler
                0x08000e08                DMA1_Channel2_IRQHandler
                0x08000e08                CAN1_SCE_IRQHandler
                0x08000e08                FLASH_IRQHandler
                0x08000e08                USART1_IRQHandler
                0x08000e08                I2C1_ER_IRQHandler
                0x08000e08                RTC_Alarm_IRQHandler
 *fill*         0x08000e0a        0x2 
 .text.HAL_Init
                0x08000e0c       0x2c ./Drivers/STM32F1xx_HAL_Driver/Src/stm32f1xx_hal.o
                0x08000e0c                HAL_Init
 .text.HAL_InitTick
                0x08000e38       0x60 ./Drivers/STM32F1xx_HAL_Driver/Src/stm32f1xx_hal.o
                0x08000e38                HAL_InitTick
 .text.HAL_IncTick
                0x08000e98       0x24 ./Drivers/STM32F1xx_HAL_Driver/Src/stm32f1xx_hal.o
                0x08000e98                HAL_IncTick
 .text.HAL_GetTick
                0x08000ebc       0x14 ./Drivers/STM32F1xx_HAL_Driver/Src/stm32f1xx_hal.o
                0x08000ebc                HAL_GetTick
 .text.HAL_Delay
                0x08000ed0       0x48 ./Drivers/STM32F1xx_HAL_Driver/Src/stm32f1xx_hal.o
                0x08000ed0                HAL_Delay
 .text.__NVIC_SetPriorityGrouping
                0x08000f18       0x48 ./Drivers/STM32F1xx_HAL_Driver/Src/stm32f1xx_hal_cortex.o
 .text.__NVIC_GetPriorityGrouping
                0x08000f60       0x1c ./Drivers/STM32F1xx_HAL_Driver/Src/stm32f1xx_hal_cortex.o
 .text.__NVIC_SetPriority
                0x08000f7c       0x54 ./Drivers/STM32F1xx_HAL_Driver/Src/stm32f1xx_hal_cortex.o
 .text.NVIC_EncodePriority
                0x08000fd0       0x64 ./Drivers/STM32F1xx_HAL_Driver/Src/stm32f1xx_hal_cortex.o
 .text.SysTick_Config
                0x08001034       0x44 ./Drivers/STM32F1xx_HAL_Driver/Src/stm32f1xx_hal_cortex.o
 .text.HAL_NVIC_SetPriorityGrouping
                0x08001078       0x16 ./Drivers/STM32F1xx_HAL_Driver/Src/stm32f1xx_hal_cortex.o
                0x08001078                HAL_NVIC_SetPriorityGrouping
 .text.HAL_NVIC_SetPriority
                0x0800108e       0x38 ./Drivers/STM32F1xx_HAL_Driver/Src/stm32f1xx_hal_cortex.o
                0x0800108e                HAL_NVIC_SetPriority
 .text.HAL_SYSTICK_Config
                0x080010c6       0x18 ./Drivers/STM32F1xx_HAL_Driver/Src/stm32f1xx_hal_cortex.o
                0x080010c6                HAL_SYSTICK_Config
 *fill*         0x080010de        0x2 
 .text.HAL_GPIO_Init
                0x080010e0      0x308 ./Drivers/STM32F1xx_HAL_Driver/Src/stm32f1xx_hal_gpio.o
                0x080010e0                HAL_GPIO_Init
 .text.HAL_GPIO_WritePin
                0x080013e8       0x30 ./Drivers/STM32F1xx_HAL_Driver/Src/stm32f1xx_hal_gpio.o
                0x080013e8                HAL_GPIO_WritePin
 .text.HAL_PCD_Init
                0x08001418      0x1ec ./Drivers/STM32F1xx_HAL_Driver/Src/stm32f1xx_hal_pcd.o
                0x08001418                HAL_PCD_Init
 .text.HAL_RCC_OscConfig
                0x08001604      0x504 ./Drivers/STM32F1xx_HAL_Driver/Src/stm32f1xx_hal_rcc.o
                0x08001604                HAL_RCC_OscConfig
 .text.HAL_RCC_ClockConfig
                0x08001b08      0x1d4 ./Drivers/STM32F1xx_HAL_Driver/Src/stm32f1xx_hal_rcc.o
                0x08001b08                HAL_RCC_ClockConfig
 .text.HAL_RCC_GetSysClockFreq
                0x08001cdc       0xac ./Drivers/STM32F1xx_HAL_Driver/Src/stm32f1xx_hal_rcc.o
                0x08001cdc                HAL_RCC_GetSysClockFreq
 .text.RCC_Delay
                0x08001d88       0x3c ./Drivers/STM32F1xx_HAL_Driver/Src/stm32f1xx_hal_rcc.o
 .text.HAL_RCCEx_PeriphCLKConfig
                0x08001dc4      0x16c ./Drivers/STM32F1xx_HAL_Driver/Src/stm32f1xx_hal_rcc_ex.o
                0x08001dc4                HAL_RCCEx_PeriphCLKConfig
 .text.USB_CoreInit
                0x08001f30       0x1a ./Drivers/STM32F1xx_HAL_Driver/Src/stm32f1xx_ll_usb.o
                0x08001f30                USB_CoreInit
 .text.USB_DisableGlobalInt
                0x08001f4a       0x34 ./Drivers/STM32F1xx_HAL_Driver/Src/stm32f1xx_ll_usb.o
                0x08001f4a                USB_DisableGlobalInt
 .text.USB_SetCurrentMode
                0x08001f7e       0x18 ./Drivers/STM32F1xx_HAL_Driver/Src/stm32f1xx_ll_usb.o
                0x08001f7e                USB_SetCurrentMode
 .text.USB_DevInit
                0x08001f96       0x3a ./Drivers/STM32F1xx_HAL_Driver/Src/stm32f1xx_ll_usb.o
                0x08001f96                USB_DevInit
 .text.USB_DevDisconnect
                0x08001fd0       0x14 ./Drivers/STM32F1xx_HAL_Driver/Src/stm32f1xx_ll_usb.o
                0x08001fd0                USB_DevDisconnect
 .text.memset   0x08001fe4       0x10 /Applications/STM32CubeIDE.app/Contents/Eclipse/plugins/com.st.stm32cube.ide.mcu.externaltools.gnu-tools-for-stm32.13.3.rel1.macos64_1.0.0.202411102158/tools/bin/../lib/gcc/arm-none-eabi/13.3.1/../../../../arm-none-eabi/lib/thumb/v7-m/nofp/libc_nano.a(libc_a-memset.o)
                0x08001fe4                memset
 .text.__libc_init_array
                0x08001ff4       0x48 /Applications/STM32CubeIDE.app/Contents/Eclipse/plugins/com.st.stm32cube.ide.mcu.externaltools.gnu-tools-for-stm32.13.3.rel1.macos64_1.0.0.202411102158/tools/bin/../lib/gcc/arm-none-eabi/13.3.1/../../../../arm-none-eabi/lib/thumb/v7-m/nofp/libc_nano.a(libc_a-init.o)
                0x08001ff4                __libc_init_array
 *(.glue_7)
 .glue_7        0x0800203c        0x0 linker stubs
 *(.glue_7t)
 .glue_7t       0x0800203c        0x0 linker stubs
 *(.eh_frame)
 .eh_frame      0x0800203c        0x0 /Applications/STM32CubeIDE.app/Contents/Eclipse/plugins/com.st.stm32cube.ide.mcu.externaltools.gnu-tools-for-stm32.13.3.rel1.macos64_1.0.0.202411102158/tools/bin/../lib/gcc/arm-none-eabi/13.3.1/thumb/v7-m/nofp/crtbegin.o
 *(.init)
 .init          0x0800203c        0x4 /Applications/STM32CubeIDE.app/Contents/Eclipse/plugins/com.st.stm32cube.ide.mcu.externaltools.gnu-tools-for-stm32.13.3.rel1.macos64_1.0.0.202411102158/tools/bin/../lib/gcc/arm-none-eabi/13.3.1/thumb/v7-m/nofp/crti.o
                0x0800203c                _init
 .init          0x08002040        0x8 /Applications/STM32CubeIDE.app/Contents/Eclipse/plugins/com.st.stm32cube.ide.mcu.externaltools.gnu-tools-for-stm32.13.3.rel1.macos64_1.0.0.202411102158/tools/bin/../lib/gcc/arm-none-eabi/13.3.1/thumb/v7-m/nofp/crtn.o
 *(.fini)
 .fini          0x08002048        0x4 /Applications/STM32CubeIDE.app/Contents/Eclipse/plugins/com.st.stm32cube.ide.mcu.externaltools.gnu-tools-for-stm32.13.3.rel1.macos64_1.0.0.202411102158/tools/bin/../lib/gcc/arm-none-eabi/13.3.1/thumb/v7-m/nofp/crti.o
                0x08002048                _fini
 .fini          0x0800204c        0x8 /Applications/STM32CubeIDE.app/Contents/Eclipse/plugins/com.st.stm32cube.ide.mcu.externaltools.gnu-tools-for-stm32.13.3.rel1.macos64_1.0.0.202411102158/tools/bin/../lib/gcc/arm-none-eabi/13.3.1/thumb/v7-m/nofp/crtn.o
                0x08002054                        . = ALIGN (0x4)
                0x08002054                        _etext = .

.vfp11_veneer   0x08002054        0x0
 .vfp11_veneer  0x08002054        0x0 linker stubs

.v4_bx          0x08002054        0x0
 .v4_bx         0x08002054        0x0 linker stubs

.iplt           0x08002054        0x0
 .iplt          0x08002054        0x0 /Applications/STM32CubeIDE.app/Contents/Eclipse/plugins/com.st.stm32cube.ide.mcu.externaltools.gnu-tools-for-stm32.13.3.rel1.macos64_1.0.0.202411102158/tools/bin/../lib/gcc/arm-none-eabi/13.3.1/thumb/v7-m/nofp/crtbegin.o

.rodata         0x08002054     0x20b4
                0x08002054                        . = ALIGN (0x4)
 *(.rodata)
 *(.rodata*)
 .rodata.heart8
                0x08002054       0x40 ./Core/Src/frames.o
 .rodata.snowflake8
                0x08002094       0x40 ./Core/Src/frames.o
 .rodata.fw_dirX
                0x080020d4        0x8 ./Core/Src/frames.o
 .rodata.fw_dirY
                0x080020dc        0x8 ./Core/Src/frames.o
 .rodata.aFrame
                0x080020e4      0x400 ./Core/Src/frames.o
                0x080020e4                aFrame
 .rodata.iFrame
                0x080024e4      0x400 ./Core/Src/frames.o
                0x080024e4                iFrame
 .rodata.oFrame
                0x080028e4      0x400 ./Core/Src/frames.o
                0x080028e4                oFrame
 .rodata.uFrame
                0x08002ce4      0x400 ./Core/Src/frames.o
                0x08002ce4                uFrame
 .rodata.vFrame
                0x080030e4      0x400 ./Core/Src/frames.o
                0x080030e4                vFrame
 .rodata.yFrame
                0x080034e4      0x400 ./Core/Src/frames.o
                0x080034e4                yFrame
 .rodata.heartFrame
                0x080038e4      0x400 ./Core/Src/frames.o
                0x080038e4                heartFrame
 .rodata.a_s_heartFrame
                0x08003ce4      0x400 ./Core/Src/frames.o
                0x08003ce4                a_s_heartFrame
 .rodata.AHBPrescTable
                0x080040e4       0x10 ./Core/Src/system_stm32f1xx.o
                0x080040e4                AHBPrescTable
 .rodata.aPLLMULFactorTable.1
                0x080040f4       0x10 ./Drivers/STM32F1xx_HAL_Driver/Src/stm32f1xx_hal_rcc.o
 .rodata.aPredivFactorTable.0
                0x08004104        0x2 ./Drivers/STM32F1xx_HAL_Driver/Src/stm32f1xx_hal_rcc.o
                0x08004108                        . = ALIGN (0x4)
 *fill*         0x08004106        0x2 

.ARM.extab      0x08004108        0x0
                0x08004108                        . = ALIGN (0x4)
 *(.ARM.extab* .gnu.linkonce.armextab.*)
                0x08004108                        . = ALIGN (0x4)

.ARM            0x08004108        0x0
                0x08004108                        . = ALIGN (0x4)
                0x08004108                        __exidx_start = .
 *(.ARM.exidx*)
                0x08004108                        __exidx_end = .
                0x08004108                        . = ALIGN (0x4)

.preinit_array  0x08004108        0x0
                0x08004108                        . = ALIGN (0x4)
                0x08004108                        PROVIDE (__preinit_array_start = .)
 *(.preinit_array*)
                0x08004108                        PROVIDE (__preinit_array_end = .)
                0x08004108                        . = ALIGN (0x4)

.init_array     0x08004108        0x4
                0x08004108                        . = ALIGN (0x4)
                0x08004108                        PROVIDE (__init_array_start = .)
 *(SORT_BY_NAME(.init_array.*))
 *(.init_array*)
 .init_array    0x08004108        0x4 /Applications/STM32CubeIDE.app/Contents/Eclipse/plugins/com.st.stm32cube.ide.mcu.externaltools.gnu-tools-for-stm32.13.3.rel1.macos64_1.0.0.202411102158/tools/bin/../lib/gcc/arm-none-eabi/13.3.1/thumb/v7-m/nofp/crtbegin.o
                0x0800410c                        PROVIDE (__init_array_end = .)
                0x0800410c                        . = ALIGN (0x4)

.fini_array     0x0800410c        0x4
                0x0800410c                        . = ALIGN (0x4)
                [!provide]                        PROVIDE (__fini_array_start = .)
 *(SORT_BY_NAME(.fini_array.*))
 *(.fini_array*)
 .fini_array    0x0800410c        0x4 /Applications/STM32CubeIDE.app/Contents/Eclipse/plugins/com.st.stm32cube.ide.mcu.externaltools.gnu-tools-for-stm32.13.3.rel1.macos64_1.0.0.202411102158/tools/bin/../lib/gcc/arm-none-eabi/13.3.1/thumb/v7-m/nofp/crtbegin.o
                [!provide]                        PROVIDE (__fini_array_end = .)
                0x08004110                        . = ALIGN (0x4)
                0x08004110                        _sidata = LOADADDR (.data)

.rel.dyn        0x08004110        0x0
 .rel.iplt      0x08004110        0x0 /Applications/STM32CubeIDE.app/Contents/Eclipse/plugins/com.st.stm32cube.ide.mcu.externaltools.gnu-tools-for-stm32.13.3.rel1.macos64_1.0.0.202411102158/tools/bin/../lib/gcc/arm-none-eabi/13.3.1/thumb/v7-m/nofp/crtbegin.o

.data           0x20000000       0x58 load address 0x08004110
                0x20000000                        . = ALIGN (0x4)
                0x20000000                        _sdata = .
 *(.data)
 *(.data*)
 .data.hb_lfsr  0x20000000        0x2 ./Core/Src/frames.o
 .data.fw_lfsr  0x20000002        0x2 ./Core/Src/frames.o
 .data.SER_GPIO_Ports
                0x20000004       0x10 ./Core/Src/led_array.o
 .data.SER_Pins
                0x20000014        0x8 ./Core/Src/led_array.o
 .data.M_GPIO_Ports
                0x2000001c       0x20 ./Core/Src/led_array.o
 .data.M_Pins   0x2000003c       0x10 ./Core/Src/led_array.o
 .data.SystemCoreClock
                0x2000004c        0x4 ./Core/Src/system_stm32f1xx.o
                0x2000004c                SystemCoreClock
 .data.uwTickPrio
                0x20000050        0x4 ./Drivers/STM32F1xx_HAL_Driver/Src/stm32f1xx_hal.o
                0x20000050                uwTickPrio
 .data.uwTickFreq
                0x20000054        0x1 ./Drivers/STM32F1xx_HAL_Driver/Src/stm32f1xx_hal.o
                0x20000054                uwTickFreq
 *(.RamFunc)
 *(.RamFunc*)
                0x20000058                        . = ALIGN (0x4)
 *fill*         0x20000055        0x3 
                0x20000058                        _edata = .

.igot.plt       0x20000058        0x0 load address 0x08004168
 .igot.plt      0x20000058        0x0 /Applications/STM32CubeIDE.app/Contents/Eclipse/plugins/com.st.stm32cube.ide.mcu.externaltools.gnu-tools-for-stm32.13.3.rel1.macos64_1.0.0.202411102158/tools/bin/../lib/gcc/arm-none-eabi/13.3.1/thumb/v7-m/nofp/crtbegin.o
                0x20000058                        . = ALIGN (0x4)

.bss            0x20000058      0xf34 load address 0x08004168
                0x20000058                        _sbss = .
                0x20000058                        __bss_start__ = _sbss
 *(.bss)
 .bss           0x20000058       0x1c /Applications/STM32CubeIDE.app/Contents/Eclipse/plugins/com.st.stm32cube.ide.mcu.externaltools.gnu-tools-for-stm32.13.3.rel1.macos64_1.0.0.202411102158/tools/bin/../lib/gcc/arm-none-eabi/13.3.1/thumb/v7-m/nofp/crtbegin.o
 *(.bss*)
 .bss.bubbles   0x20000074       0x3c ./Core/Src/frames.o
 .bss.frame.3   0x200000b0      0x400 ./Core/Src/frames.o
 .bss.frame.1   0x200004b0      0x400 ./Core/Src/frames.o
 .bss.frame.0   0x200008b0      0x400 ./Core/Src/frames.o
 .bss.hpcd_USB_FS
                0x20000cb0      0x2d8 ./Core/Src/main.o
                0x20000cb0                hpcd_USB_FS
 .bss.uwTick    0x20000f88        0x4 ./Drivers/STM32F1xx_HAL_Driver/Src/stm32f1xx_hal.o
                0x20000f88                uwTick
 *(COMMON)
                0x20000f8c                        . = ALIGN (0x4)
                0x20000f8c                        _ebss = .
                0x20000f8c                        __bss_end__ = _ebss

._user_heap_stack
                0x20000f8c      0x604 load address 0x08004168
                0x20000f90                        . = ALIGN (0x8)
 *fill*         0x20000f8c        0x4 
                [!provide]                        PROVIDE (end = .)
                0x20000f90                        PROVIDE (_end = .)
                0x20001190                        . = (. + _Min_Heap_Size)
 *fill*         0x20000f90      0x200 
                0x20001590                        . = (. + _Min_Stack_Size)
 *fill*         0x20001190      0x400 
                0x20001590                        . = ALIGN (0x8)

/DISCARD/
 libc.a(*)
 libm.a(*)
 libgcc.a(*)

.ARM.attributes
                0x00000000       0x29
 *(.ARM.attributes)
 .ARM.attributes
                0x00000000       0x1d /Applications/STM32CubeIDE.app/Contents/Eclipse/plugins/com.st.stm32cube.ide.mcu.externaltools.gnu-tools-for-stm32.13.3.rel1.macos64_1.0.0.202411102158/tools/bin/../lib/gcc/arm-none-eabi/13.3.1/thumb/v7-m/nofp/crti.o
 .ARM.attributes
                0x0000001d       0x2d /Applications/STM32CubeIDE.app/Contents/Eclipse/plugins/com.st.stm32cube.ide.mcu.externaltools.gnu-tools-for-stm32.13.3.rel1.macos64_1.0.0.202411102158/tools/bin/../lib/gcc/arm-none-eabi/13.3.1/thumb/v7-m/nofp/crtbegin.o
 .ARM.attributes
                0x0000004a       0x2d ./Core/Src/frames.o
 .ARM.attributes
                0x00000077       0x2d ./Core/Src/led_array.o
 .ARM.attributes
                0x000000a4       0x2d ./Core/Src/main.o
 .ARM.attributes
                0x000000d1       0x2d ./Core/Src/stm32f1xx_hal_msp.o
 .ARM.attributes
                0x000000fe       0x2d ./Core/Src/stm32f1xx_it.o
 .ARM.attributes
                0x0000012b       0x2d ./Core/Src/system_stm32f1xx.o
 .ARM.attributes
                0x00000158       0x21 ./Core/Startup/startup_stm32f103c8tx.o
 .ARM.attributes
                0x00000179       0x2d ./Drivers/STM32F1xx_HAL_Driver/Src/stm32f1xx_hal.o
 .ARM.attributes
                0x000001a6       0x2d ./Drivers/STM32F1xx_HAL_Driver/Src/stm32f1xx_hal_cortex.o
 .ARM.attributes
                0x000001d3       0x2d ./Drivers/STM32F1xx_HAL_Driver/Src/stm32f1xx_hal_gpio.o
 .ARM.attributes
                0x00000200       0x2d ./Drivers/STM32F1xx_HAL_Driver/Src/stm32f1xx_hal_pcd.o
 .ARM.attributes
                0x0000022d       0x2d ./Drivers/STM32F1xx_HAL_Driver/Src/stm32f1xx_hal_rcc.o
 .ARM.attributes
                0x0000025a       0x2d ./Drivers/STM32F1xx_HAL_Driver/Src/stm32f1xx_hal_rcc_ex.o
 .ARM.attributes
                0x00000287       0x2d ./Drivers/STM32F1xx_HAL_Driver/Src/stm32f1xx_ll_usb.o
 .ARM.attributes
                0x000002b4       0x2d /Applications/STM32CubeIDE.app/Contents/Eclipse/plugins/com.st.stm32cube.ide.mcu.externaltools.gnu-tools-for-stm32.13.3.rel1.macos64_1.0.0.202411102158/tools/bin/../lib/gcc/arm-none-eabi/13.3.1/../../../../arm-none-eabi/lib/thumb/v7-m/nofp/libc_nano.a(libc_a-memset.o)
 .ARM.attributes
                0x000002e1       0x2d /Applications/STM32CubeIDE.app/Contents/Eclipse/plugins/com.st.stm32cube.ide.mcu.externaltools.gnu-tools-for-stm32.13.3.rel1.macos64_1.0.0.202411102158/tools/bin/../lib/gcc/arm-none-eabi/13.3.1/../../../../arm-none-eabi/lib/thumb/v7-m/nofp/libc_nano.a(libc_a-init.o)
 .ARM.attributes
                0x0000030e       0x1d /Applications/STM32CubeIDE.app/Contents/Eclipse/plugins/com.st.stm32cube.ide.mcu.externaltools.gnu-tools-for-stm32.13.3.rel1.macos64_1.0.0.202411102158/tools/bin/../lib/gcc/arm-none-eabi/13.3.1/thumb/v7-m/nofp/crtn.o
OUTPUT(led_array.elf elf32-littlearm)
LOAD linker stubs
LOAD /Applications/STM32CubeIDE.app/Contents/Eclipse/plugins/com.st.stm32cube.ide.mcu.externaltools.gnu-tools-for-stm32.13.3.rel1.macos64_1.0.0.202411102158/tools/bin/../lib/gcc/arm-none-eabi/13.3.1/../../../../arm-none-eabi/lib/thumb/v7-m/nofp/libc.a
LOAD /Applications/STM32CubeIDE.app/Contents/Eclipse/plugins/com.st.stm32cube.ide.mcu.externaltools.gnu-tools-for-stm32.13.3.rel1.macos64_1.0.0.202411102158/tools/bin/../lib/gcc/arm-none-eabi/13.3.1/../../../../arm-none-eabi/lib/thumb/v7-m/nofp/libm.a
LOAD /Applications/STM32CubeIDE.app/Contents/Eclipse/plugins/com.st.stm32cube.ide.mcu.externaltools.gnu-tools-for-stm32.13.3.rel1.macos64_1.0.0.202411102158/tools/bin/../lib/gcc/arm-none-eabi/13.3.1/thumb/v7-m/nofp/libgcc.a

.debug_info     0x00000000     0x76b6
 .debug_info    0x00000000      0xb60 ./Core/Src/frames.o
 .debug_info    0x00000b60      0x402 ./Core/Src/led_array.o
 .debug_info    0x00000f62      0xb90 ./Core/Src/main.o
 .debug_info    0x00001af2      0x70a ./Core/Src/stm32f1xx_hal_msp.o
 .debug_info    0x000021fc      0x113 ./Core/Src/stm32f1xx_it.o
 .debug_info    0x0000230f      0x222 ./Core/Src/system_stm32f1xx.o
 .debug_info    0x00002531       0x30 ./Core/Startup/startup_stm32f103c8tx.o
 .debug_info    0x00002561      0x704 ./Drivers/STM32F1xx_HAL_Driver/Src/stm32f1xx_hal.o
 .debug_info    0x00002c65      0xa87 ./Drivers/STM32F1xx_HAL_Driver/Src/stm32f1xx_hal_cortex.o
 .debug_info    0x000036ec      0x5ab ./Drivers/STM32F1xx_HAL_Driver/Src/stm32f1xx_hal_gpio.o
 .debug_info    0x00003c97     0x16dc ./Drivers/STM32F1xx_HAL_Driver/Src/stm32f1xx_hal_pcd.o
 .debug_info    0x00005373      0x7d5 ./Drivers/STM32F1xx_HAL_Driver/Src/stm32f1xx_hal_rcc.o
 .debug_info    0x00005b48      0x3c0 ./Drivers/STM32F1xx_HAL_Driver/Src/stm32f1xx_hal_rcc_ex.o
 .debug_info    0x00005f08     0x17ae ./Drivers/STM32F1xx_HAL_Driver/Src/stm32f1xx_ll_usb.o

.debug_abbrev   0x00000000     0x1998
 .debug_abbrev  0x00000000      0x271 ./Core/Src/frames.o
 .debug_abbrev  0x00000271      0x18f ./Core/Src/led_array.o
 .debug_abbrev  0x00000400      0x283 ./Core/Src/main.o
 .debug_abbrev  0x00000683      0x18d ./Core/Src/stm32f1xx_hal_msp.o
 .debug_abbrev  0x00000810       0x73 ./Core/Src/stm32f1xx_it.o
 .debug_abbrev  0x00000883      0x13f ./Core/Src/system_stm32f1xx.o
 .debug_abbrev  0x000009c2       0x24 ./Core/Startup/startup_stm32f103c8tx.o
 .debug_abbrev  0x000009e6      0x201 ./Drivers/STM32F1xx_HAL_Driver/Src/stm32f1xx_hal.o
 .debug_abbrev  0x00000be7      0x2f8 ./Drivers/STM32F1xx_HAL_Driver/Src/stm32f1xx_hal_cortex.o
 .debug_abbrev  0x00000edf      0x1ca ./Drivers/STM32F1xx_HAL_Driver/Src/stm32f1xx_hal_gpio.o
 .debug_abbrev  0x000010a9      0x2d6 ./Drivers/STM32F1xx_HAL_Driver/Src/stm32f1xx_hal_pcd.o
 .debug_abbrev  0x0000137f      0x2b3 ./Drivers/STM32F1xx_HAL_Driver/Src/stm32f1xx_hal_rcc.o
 .debug_abbrev  0x00001632      0x188 ./Drivers/STM32F1xx_HAL_Driver/Src/stm32f1xx_hal_rcc_ex.o
 .debug_abbrev  0x000017ba      0x1de ./Drivers/STM32F1xx_HAL_Driver/Src/stm32f1xx_ll_usb.o

.debug_aranges  0x00000000      0x720
 .debug_aranges
                0x00000000       0x88 ./Core/Src/frames.o
 .debug_aranges
                0x00000088       0x48 ./Core/Src/led_array.o
 .debug_aranges
                0x000000d0       0x40 ./Core/Src/main.o
 .debug_aranges
                0x00000110       0x30 ./Core/Src/stm32f1xx_hal_msp.o
 .debug_aranges
                0x00000140       0x60 ./Core/Src/stm32f1xx_it.o
 .debug_aranges
                0x000001a0       0x28 ./Core/Src/system_stm32f1xx.o
 .debug_aranges
                0x000001c8       0x28 ./Core/Startup/startup_stm32f103c8tx.o
 .debug_aranges
                0x000001f0       0xe0 ./Drivers/STM32F1xx_HAL_Driver/Src/stm32f1xx_hal.o
 .debug_aranges
                0x000002d0      0x100 ./Drivers/STM32F1xx_HAL_Driver/Src/stm32f1xx_hal_cortex.o
 .debug_aranges
                0x000003d0       0x58 ./Drivers/STM32F1xx_HAL_Driver/Src/stm32f1xx_hal_gpio.o
 .debug_aranges
                0x00000428      0x140 ./Drivers/STM32F1xx_HAL_Driver/Src/stm32f1xx_hal_pcd.o
 .debug_aranges
                0x00000568       0x90 ./Drivers/STM32F1xx_HAL_Driver/Src/stm32f1xx_hal_rcc.o
 .debug_aranges
                0x000005f8       0x30 ./Drivers/STM32F1xx_HAL_Driver/Src/stm32f1xx_hal_rcc_ex.o
 .debug_aranges
                0x00000628       0xf8 ./Drivers/STM32F1xx_HAL_Driver/Src/stm32f1xx_ll_usb.o

.debug_rnglists
                0x00000000      0x53a
 .debug_rnglists
                0x00000000       0x69 ./Core/Src/frames.o
 .debug_rnglists
                0x00000069       0x33 ./Core/Src/led_array.o
 .debug_rnglists
                0x0000009c       0x2e ./Core/Src/main.o
 .debug_rnglists
                0x000000ca       0x1f ./Core/Src/stm32f1xx_hal_msp.o
 .debug_rnglists
                0x000000e9       0x43 ./Core/Src/stm32f1xx_it.o
 .debug_rnglists
                0x0000012c       0x1a ./Core/Src/system_stm32f1xx.o
 .debug_rnglists
                0x00000146       0x19 ./Core/Startup/startup_stm32f103c8tx.o
 .debug_rnglists
                0x0000015f       0xa3 ./Drivers/STM32F1xx_HAL_Driver/Src/stm32f1xx_hal.o
 .debug_rnglists
                0x00000202       0xbb ./Drivers/STM32F1xx_HAL_Driver/Src/stm32f1xx_hal_cortex.o
 .debug_rnglists
                0x000002bd       0x3f ./Drivers/STM32F1xx_HAL_Driver/Src/stm32f1xx_hal_gpio.o
 .debug_rnglists
                0x000002fc       0xf4 ./Drivers/STM32F1xx_HAL_Driver/Src/stm32f1xx_hal_pcd.o
 .debug_rnglists
                0x000003f0       0x6c ./Drivers/STM32F1xx_HAL_Driver/Src/stm32f1xx_hal_rcc.o
 .debug_rnglists
                0x0000045c       0x21 ./Drivers/STM32F1xx_HAL_Driver/Src/stm32f1xx_hal_rcc_ex.o
 .debug_rnglists
                0x0000047d       0xbd ./Drivers/STM32F1xx_HAL_Driver/Src/stm32f1xx_ll_usb.o

.debug_macro    0x00000000    0x16ffe
 .debug_macro   0x00000000      0x2b9 ./Core/Src/frames.o
 .debug_macro   0x000002b9      0xacc ./Core/Src/frames.o
 .debug_macro   0x00000d85      0x215 ./Core/Src/frames.o
 .debug_macro   0x00000f9a       0x2e ./Core/Src/frames.o
 .debug_macro   0x00000fc8       0x22 ./Core/Src/frames.o
 .debug_macro   0x00000fea       0x22 ./Core/Src/frames.o
 .debug_macro   0x0000100c       0x8e ./Core/Src/frames.o
 .debug_macro   0x0000109a       0x51 ./Core/Src/frames.o
 .debug_macro   0x000010eb      0x103 ./Core/Src/frames.o
 .debug_macro   0x000011ee       0x6a ./Core/Src/frames.o
 .debug_macro   0x00001258      0x1df ./Core/Src/frames.o
 .debug_macro   0x00001437       0x1c ./Core/Src/frames.o
 .debug_macro   0x00001453       0x22 ./Core/Src/frames.o
 .debug_macro   0x00001475       0xbd ./Core/Src/frames.o
 .debug_macro   0x00001532      0xd23 ./Core/Src/frames.o
 .debug_macro   0x00002255     0xe09e ./Core/Src/frames.o
 .debug_macro   0x000102f3       0x6d ./Core/Src/frames.o
 .debug_macro   0x00010360     0x34a2 ./Core/Src/frames.o
 .debug_macro   0x00013802      0x190 ./Core/Src/frames.o
 .debug_macro   0x00013992       0x5c ./Core/Src/frames.o
 .debug_macro   0x000139ee      0x5bc ./Core/Src/frames.o
 .debug_macro   0x00013faa      0x289 ./Core/Src/frames.o
 .debug_macro   0x00014233      0x1cb ./Core/Src/frames.o
 .debug_macro   0x000143fe      0x114 ./Core/Src/frames.o
 .debug_macro   0x00014512      0x1b2 ./Core/Src/frames.o
 .debug_macro   0x000146c4       0x27 ./Core/Src/frames.o
 .debug_macro   0x000146eb      0x136 ./Core/Src/frames.o
 .debug_macro   0x00014821      0x1bc ./Core/Src/frames.o
 .debug_macro   0x000149dd       0x34 ./Core/Src/frames.o
 .debug_macro   0x00014a11       0x3c ./Core/Src/frames.o
 .debug_macro   0x00014a4d       0x57 ./Core/Src/frames.o
 .debug_macro   0x00014aa4       0x87 ./Core/Src/frames.o
 .debug_macro   0x00014b2b      0x240 ./Core/Src/frames.o
 .debug_macro   0x00014d6b      0x140 ./Core/Src/frames.o
 .debug_macro   0x00014eab       0xb7 ./Core/Src/frames.o
 .debug_macro   0x00014f62      0x242 ./Core/Src/frames.o
 .debug_macro   0x000151a4       0x83 ./Core/Src/frames.o
 .debug_macro   0x00015227       0xb8 ./Core/Src/frames.o
 .debug_macro   0x000152df       0x61 ./Core/Src/frames.o
 .debug_macro   0x00015340       0x24 ./Core/Src/frames.o
 .debug_macro   0x00015364       0x43 ./Core/Src/frames.o
 .debug_macro   0x000153a7       0x34 ./Core/Src/frames.o
 .debug_macro   0x000153db      0x370 ./Core/Src/frames.o
 .debug_macro   0x0001574b       0x16 ./Core/Src/frames.o
 .debug_macro   0x00015761       0x4a ./Core/Src/frames.o
 .debug_macro   0x000157ab       0x34 ./Core/Src/frames.o
 .debug_macro   0x000157df       0x10 ./Core/Src/frames.o
 .debug_macro   0x000157ef       0x58 ./Core/Src/frames.o
 .debug_macro   0x00015847       0x8e ./Core/Src/frames.o
 .debug_macro   0x000158d5       0x1c ./Core/Src/frames.o
 .debug_macro   0x000158f1      0x185 ./Core/Src/frames.o
 .debug_macro   0x00015a76       0x10 ./Core/Src/frames.o
 .debug_macro   0x00015a86       0x3c ./Core/Src/frames.o
 .debug_macro   0x00015ac2       0x20 ./Core/Src/frames.o
 .debug_macro   0x00015ae2      0x1c1 ./Core/Src/led_array.o
 .debug_macro   0x00015ca3      0x1d4 ./Core/Src/main.o
 .debug_macro   0x00015e77       0x22 ./Core/Src/main.o
 .debug_macro   0x00015e99      0x1b7 ./Core/Src/stm32f1xx_hal_msp.o
 .debug_macro   0x00016050      0x1c1 ./Core/Src/stm32f1xx_it.o
 .debug_macro   0x00016211      0x1a8 ./Core/Src/system_stm32f1xx.o
 .debug_macro   0x000163b9      0x1cc ./Drivers/STM32F1xx_HAL_Driver/Src/stm32f1xx_hal.o
 .debug_macro   0x00016585      0x1a8 ./Drivers/STM32F1xx_HAL_Driver/Src/stm32f1xx_hal_cortex.o
 .debug_macro   0x0001672d      0x213 ./Drivers/STM32F1xx_HAL_Driver/Src/stm32f1xx_hal_gpio.o
 .debug_macro   0x00016940      0x1b4 ./Drivers/STM32F1xx_HAL_Driver/Src/stm32f1xx_hal_pcd.o
 .debug_macro   0x00016af4      0x1ba ./Drivers/STM32F1xx_HAL_Driver/Src/stm32f1xx_hal_rcc.o
 .debug_macro   0x00016cae      0x1a8 ./Drivers/STM32F1xx_HAL_Driver/Src/stm32f1xx_hal_rcc_ex.o
 .debug_macro   0x00016e56      0x1a8 ./Drivers/STM32F1xx_HAL_Driver/Src/stm32f1xx_ll_usb.o

.debug_line     0x00000000     0x8abd
 .debug_line    0x00000000      0xdad ./Core/Src/frames.o
 .debug_line    0x00000dad      0x7c7 ./Core/Src/led_array.o
 .debug_line    0x00001574      0x7c4 ./Core/Src/main.o
 .debug_line    0x00001d38      0x6c8 ./Core/Src/stm32f1xx_hal_msp.o
 .debug_line    0x00002400      0x73e ./Core/Src/stm32f1xx_it.o
 .debug_line    0x00002b3e      0x70e ./Core/Src/system_stm32f1xx.o
 .debug_line    0x0000324c       0x78 ./Core/Startup/startup_stm32f103c8tx.o
 .debug_line    0x000032c4      0x93f ./Drivers/STM32F1xx_HAL_Driver/Src/stm32f1xx_hal.o
 .debug_line    0x00003c03      0xb09 ./Drivers/STM32F1xx_HAL_Driver/Src/stm32f1xx_hal_cortex.o
 .debug_line    0x0000470c      0x99c ./Drivers/STM32F1xx_HAL_Driver/Src/stm32f1xx_hal_gpio.o
 .debug_line    0x000050a8     0x12c4 ./Drivers/STM32F1xx_HAL_Driver/Src/stm32f1xx_hal_pcd.o
 .debug_line    0x0000636c      0xdf8 ./Drivers/STM32F1xx_HAL_Driver/Src/stm32f1xx_hal_rcc.o
 .debug_line    0x00007164      0x8aa ./Drivers/STM32F1xx_HAL_Driver/Src/stm32f1xx_hal_rcc_ex.o
 .debug_line    0x00007a0e     0x10af ./Drivers/STM32F1xx_HAL_Driver/Src/stm32f1xx_ll_usb.o

.debug_str      0x00000000    0x82b32
 .debug_str     0x00000000    0x82b32 ./Core/Src/frames.o
                              0x80fc9 (size before relaxing)
 .debug_str     0x00082b32    0x7dafe ./Core/Src/led_array.o
 .debug_str     0x00082b32    0x7e19d ./Core/Src/main.o
 .debug_str     0x00082b32    0x7ddba ./Core/Src/stm32f1xx_hal_msp.o
 .debug_str     0x00082b32    0x7da36 ./Core/Src/stm32f1xx_it.o
 .debug_str     0x00082b32    0x7d7f9 ./Core/Src/system_stm32f1xx.o
 .debug_str     0x00082b32       0x82 ./Core/Startup/startup_stm32f103c8tx.o
 .debug_str     0x00082b32    0x7df2c ./Drivers/STM32F1xx_HAL_Driver/Src/stm32f1xx_hal.o
 .debug_str     0x00082b32    0x7de78 ./Drivers/STM32F1xx_HAL_Driver/Src/stm32f1xx_hal_cortex.o
 .debug_str     0x00082b32    0x7db7f ./Drivers/STM32F1xx_HAL_Driver/Src/stm32f1xx_hal_gpio.o
 .debug_str     0x00082b32    0x7e116 ./Drivers/STM32F1xx_HAL_Driver/Src/stm32f1xx_hal_pcd.o
 .debug_str     0x00082b32    0x7dc28 ./Drivers/STM32F1xx_HAL_Driver/Src/stm32f1xx_hal_rcc.o
 .debug_str     0x00082b32    0x7d978 ./Drivers/STM32F1xx_HAL_Driver/Src/stm32f1xx_hal_rcc_ex.o
 .debug_str     0x00082b32    0x7dcca ./Drivers/STM32F1xx_HAL_Driver/Src/stm32f1xx_ll_usb.o

.comment        0x00000000       0x43
 .comment       0x00000000       0x43 ./Core/Src/frames.o
                                 0x44 (size before relaxing)
 .comment       0x00000043       0x44 ./Core/Src/led_array.o
 .comment       0x00000043       0x44 ./Core/Src/main.o
 .comment       0x00000043       0x44 ./Core/Src/stm32f1xx_hal_msp.o
 .comment       0x00000043       0x44 ./Core/Src/stm32f1xx_it.o
 .comment       0x00000043       0x44 ./Core/Src/system_stm32f1xx.o
 .comment       0x00000043       0x44 ./Drivers/STM32F1xx_HAL_Driver/Src/stm32f1xx_hal.o
 .comment       0x00000043       0x44 ./Drivers/STM32F1xx_HAL_Driver/Src/stm32f1xx_hal_cortex.o
 .comment       0x00000043       0x44 ./Drivers/STM32F1xx_HAL_Driver/Src/stm32f1xx_hal_gpio.o
 .comment       0x00000043       0x44 ./Drivers/STM32F1xx_HAL_Driver/Src/stm32f1xx_hal_pcd.o
 .comment       0x00000043       0x44 ./Drivers/STM32F1xx_HAL_Driver/Src/stm32f1xx_hal_rcc.o
 .comment       0x00000043       0x44 ./Drivers/STM32F1xx_HAL_Driver/Src/stm32f1xx_hal_rcc_ex.o
 .comment       0x00000043       0x44 ./Drivers/STM32F1xx_HAL_Driver/Src/stm32f1xx_ll_usb.o

.debug_frame    0x00000000     0x1b10
 .debug_frame   0x00000000      0x214 ./Core/Src/frames.o
 .debug_frame   0x00000214       0xe0 ./Core/Src/led_array.o
 .debug_frame   0x000002f4       0xa8 ./Core/Src/main.o
 .debug_frame   0x0000039c       0x88 ./Core/Src/stm32f1xx_hal_msp.o
 .debug_frame   0x00000424      0x104 ./Core/Src/stm32f1xx_it.o
 .debug_frame   0x00000528       0x58 ./Core/Src/system_stm32f1xx.o
 .debug_frame   0x00000580      0x334 ./Drivers/STM32F1xx_HAL_Driver/Src/stm32f1xx_hal.o
 .debug_frame   0x000008b4      0x428 ./Drivers/STM32F1xx_HAL_Driver/Src/stm32f1xx_hal_cortex.o
 .debug_frame   0x00000cdc      0x14c ./Drivers/STM32F1xx_HAL_Driver/Src/stm32f1xx_hal_gpio.o
 .debug_frame   0x00000e28      0x594 ./Drivers/STM32F1xx_HAL_Driver/Src/stm32f1xx_hal_pcd.o
 .debug_frame   0x000013bc      0x218 ./Drivers/STM32F1xx_HAL_Driver/Src/stm32f1xx_hal_rcc.o
 .debug_frame   0x000015d4       0x80 ./Drivers/STM32F1xx_HAL_Driver/Src/stm32f1xx_hal_rcc_ex.o
 .debug_frame   0x00001654      0x470 ./Drivers/STM32F1xx_HAL_Driver/Src/stm32f1xx_ll_usb.o
 .debug_frame   0x00001ac4       0x20 /Applications/STM32CubeIDE.app/Contents/Eclipse/plugins/com.st.stm32cube.ide.mcu.externaltools.gnu-tools-for-stm32.13.3.rel1.macos64_1.0.0.202411102158/tools/bin/../lib/gcc/arm-none-eabi/13.3.1/../../../../arm-none-eabi/lib/thumb/v7-m/nofp/libc_nano.a(libc_a-memset.o)
 .debug_frame   0x00001ae4       0x2c /Applications/STM32CubeIDE.app/Contents/Eclipse/plugins/com.st.stm32cube.ide.mcu.externaltools.gnu-tools-for-stm32.13.3.rel1.macos64_1.0.0.202411102158/tools/bin/../lib/gcc/arm-none-eabi/13.3.1/../../../../arm-none-eabi/lib/thumb/v7-m/nofp/libc_nano.a(libc_a-init.o)

.debug_line_str
                0x00000000       0x66
 .debug_line_str
                0x00000000       0x66 ./Core/Startup/startup_stm32f103c8tx.o
